[train] c_anneal 0m iter=1 iter_s=3.768 fit=0.344/0.054s
[train] c_anneal 5m iter=329 iter_s=2.128 fit=0.142/0.031s
[train] c_anneal 10m iter=545 iter_s=0.730 fit=0.083/0.018s
[train] c_anneal 15m iter=743 iter_s=2.080 fit=0.114/0.022s
[train] c_anneal 20m iter=1028 iter_s=0.682 fit=0.100/0.020s
[train] c_anneal 25m iter=1372 iter_s=0.992 fit=0.092/0.017s
[train] c_anneal 30m iter=1736 iter_s=1.300 fit=0.106/0.018s
[snapshot] c_anneal 0030m iter=1736
[train] c_anneal 35m iter=2052 iter_s=1.056 fit=0.124/0.022s
[train] c_anneal 40m iter=2426 iter_s=0.701 fit=0.079/0.016s
[train] c_anneal 45m iter=2677 iter_s=0.699 fit=0.078/0.016s
[train] c_anneal 50m iter=2899 iter_s=2.012 fit=0.130/0.023s
[train] c_anneal 55m iter=3146 iter_s=0.834 fit=0.081/0.017s
[train] c_anneal 60m iter=3506 iter_s=0.849 fit=0.086/0.017s
[audit queued] c_anneal 2000 at iter=3506
[snapshot] c_anneal 0060m iter=3506
[train] c_anneal 65m iter=3781 iter_s=0.668 fit=0.087/0.018s
[train] c_anneal 70m iter=4189 iter_s=0.722 fit=0.094/0.023s
[train] c_anneal 75m iter=4578 iter_s=1.958 fit=0.122/0.024s
[train] c_anneal 80m iter=4890 iter_s=1.903 fit=0.146/0.023s
[train] c_anneal 85m iter=5114 iter_s=2.052 fit=0.120/0.021s
[train] c_anneal 90m iter=5311 iter_s=0.684 fit=0.095/0.019s
[snapshot] c_anneal 0090m iter=5311
[train] c_anneal 95m iter=5579 iter_s=0.808 fit=0.104/0.023s
[train] c_anneal 100m iter=5926 iter_s=0.784 fit=0.115/0.024s
[train] c_anneal 105m iter=6199 iter_s=1.988 fit=0.116/0.022s
[train] c_anneal 110m iter=6374 iter_s=1.913 fit=0.133/0.021s
[train] c_anneal 115m iter=6606 iter_s=2.016 fit=0.121/0.025s
[train] c_anneal 120m iter=6809 iter_s=1.844 fit=0.105/0.020s
[audit queued] c_anneal 6000 at iter=6809
[snapshot] c_anneal 0120m iter=6809
[train] c_anneal 125m iter=6953 iter_s=1.938 fit=0.110/0.022s
[train] c_anneal 130m iter=7194 iter_s=0.690 fit=0.081/0.017s
[train] c_anneal 135m iter=7625 iter_s=0.704 fit=0.086/0.019s
[train] c_anneal 140m iter=8054 iter_s=0.662 fit=0.092/0.026s
[train] c_anneal 145m iter=8488 iter_s=0.683 fit=0.087/0.018s
[train] c_anneal 150m iter=8924 iter_s=0.707 fit=0.082/0.020s
Traceback (most recent call last):
  File "/root/liars_poker_20261001/scripts/run_cfr_plus_18_neural_o4_cpu.py", line 500, in <module>
    main()
  File "/root/liars_poker_20261001/scripts/run_cfr_plus_18_neural_o4_cpu.py", line 492, in main
    run_train(args)
  File "/root/liars_poker_20261001/scripts/run_cfr_plus_18_neural_o4_cpu.py", line 316, in run_train
    checkpoint(trainer, ckpt, progress)
  File "/root/liars_poker_20261001/scripts/run_cfr_plus_18_neural_o4_cpu.py", line 72, in checkpoint
    raise OSError(f"Insufficient disk space to checkpoint {path}")
OSError: Insufficient disk space to checkpoint /root/liars_poker/artifacts/cfr_plus_18_regret_noise/main_20261001/c_anneal/latest_checkpoint.pt
