[fit] c0 0030m p1 1000/5000 loss=0.120442
[fit] c0 0030m p1 2000/5000 loss=0.116476
[fit] c0 0030m p1 3000/5000 loss=0.118429
[fit] c0 0030m p1 4000/5000 loss=0.122293
[fit] c0 0030m p1 5000/5000 loss=0.119591
[fit] c0 0030m p2 1000/5000 loss=0.16221
[fit] c0 0030m p2 2000/5000 loss=0.160561
[fit] c0 0030m p2 3000/5000 loss=0.16319
[fit] c0 0030m p2 4000/5000 loss=0.1608
[fit] c0 0030m p2 5000/5000 loss=0.160192
[ready] c0 0030m fit_s=26.7
[fit] c_anneal 0030m p1 1000/5000 loss=0.127663
[fit] c_anneal 0030m p1 2000/5000 loss=0.122285
[fit] c_anneal 0030m p1 3000/5000 loss=0.121966
[fit] c_anneal 0030m p1 4000/5000 loss=0.127897
[fit] c_anneal 0030m p1 5000/5000 loss=0.124292
[fit] c_anneal 0030m p2 1000/5000 loss=0.175517
[fit] c_anneal 0030m p2 2000/5000 loss=0.173051
[fit] c_anneal 0030m p2 3000/5000 loss=0.177942
[fit] c_anneal 0030m p2 4000/5000 loss=0.178016
[fit] c_anneal 0030m p2 5000/5000 loss=0.174892
[ready] c_anneal 0030m fit_s=25.2
[fit] c_batch 0030m p1 1000/5000 loss=0.120821
[fit] c_batch 0030m p1 2000/5000 loss=0.126296
[fit] c_batch 0030m p1 3000/5000 loss=0.117917
[fit] c_batch 0030m p1 4000/5000 loss=0.121044
[fit] c_batch 0030m p1 5000/5000 loss=0.120881
[fit] c_batch 0030m p2 1000/5000 loss=0.157605
[fit] c_batch 0030m p2 2000/5000 loss=0.157468
[fit] c_batch 0030m p2 3000/5000 loss=0.158937
[fit] c_batch 0030m p2 4000/5000 loss=0.164792
[fit] c_batch 0030m p2 5000/5000 loss=0.162606
[ready] c_batch 0030m fit_s=24.1
[fit] c_low 0030m p1 1000/5000 loss=0.142939
[fit] c_low 0030m p1 2000/5000 loss=0.141412
[fit] c_low 0030m p1 3000/5000 loss=0.143319
[fit] c_low 0030m p1 4000/5000 loss=0.142676
[fit] c_low 0030m p1 5000/5000 loss=0.14264
[fit] c_low 0030m p2 1000/5000 loss=0.190156
[fit] c_low 0030m p2 2000/5000 loss=0.192357
[fit] c_low 0030m p2 3000/5000 loss=0.191716
[fit] c_low 0030m p2 4000/5000 loss=0.190024
[fit] c_low 0030m p2 5000/5000 loss=0.189013
[ready] c_low 0030m fit_s=24.6
[fit] c0 0060m p1 1000/5000 loss=0.108858
[fit] c0 0060m p1 2000/5000 loss=0.113012
[fit] c0 0060m p1 3000/5000 loss=0.113323
[fit] c0 0060m p1 4000/5000 loss=0.109089
[fit] c0 0060m p1 5000/5000 loss=0.109675
[fit] c0 0060m p2 1000/5000 loss=0.150091
[fit] c0 0060m p2 2000/5000 loss=0.14863
[fit] c0 0060m p2 3000/5000 loss=0.146169
[fit] c0 0060m p2 4000/5000 loss=0.15141
[fit] c0 0060m p2 5000/5000 loss=0.148035
[ready] c0 0060m fit_s=30.5
[fit] c_anneal 0060m p1 1000/5000 loss=0.113666
[fit] c_anneal 0060m p1 2000/5000 loss=0.109763
[fit] c_anneal 0060m p1 3000/5000 loss=0.112933
[fit] c_anneal 0060m p1 4000/5000 loss=0.1137
[fit] c_anneal 0060m p1 5000/5000 loss=0.115258
[fit] c_anneal 0060m p2 1000/5000 loss=0.162082
[fit] c_anneal 0060m p2 2000/5000 loss=0.159619
[fit] c_anneal 0060m p2 3000/5000 loss=0.157163
[fit] c_anneal 0060m p2 4000/5000 loss=0.154209
[fit] c_anneal 0060m p2 5000/5000 loss=0.155077
[ready] c_anneal 0060m fit_s=30.0
[fit] c_batch 0060m p1 1000/5000 loss=0.107313
[fit] c_batch 0060m p1 2000/5000 loss=0.108956
[fit] c_batch 0060m p1 3000/5000 loss=0.112807
[fit] c_batch 0060m p1 4000/5000 loss=0.109816
[fit] c_batch 0060m p1 5000/5000 loss=0.110103
[fit] c_batch 0060m p2 1000/5000 loss=0.152252
[fit] c_batch 0060m p2 2000/5000 loss=0.154363
[fit] c_batch 0060m p2 3000/5000 loss=0.150349
[fit] c_batch 0060m p2 4000/5000 loss=0.159313
[fit] c_batch 0060m p2 5000/5000 loss=0.148752
[ready] c_batch 0060m fit_s=30.4
[fit] c_low 0060m p1 1000/5000 loss=0.123323
[fit] c_low 0060m p1 2000/5000 loss=0.12424
[fit] c_low 0060m p1 3000/5000 loss=0.126649
[fit] c_low 0060m p1 4000/5000 loss=0.124677
[fit] c_low 0060m p1 5000/5000 loss=0.12534
[fit] c_low 0060m p2 1000/5000 loss=0.172964
[fit] c_low 0060m p2 2000/5000 loss=0.170928
[fit] c_low 0060m p2 3000/5000 loss=0.171614
[fit] c_low 0060m p2 4000/5000 loss=0.175617
[fit] c_low 0060m p2 5000/5000 loss=0.170669
[ready] c_low 0060m fit_s=29.1
[fit] c0 0090m p1 1000/5000 loss=0.103455
[fit] c0 0090m p1 2000/5000 loss=0.104151
[fit] c0 0090m p1 3000/5000 loss=0.105901
[fit] c0 0090m p1 4000/5000 loss=0.104271
[fit] c0 0090m p1 5000/5000 loss=0.10238
[fit] c0 0090m p2 1000/5000 loss=0.139753
[fit] c0 0090m p2 2000/5000 loss=0.139616
[fit] c0 0090m p2 3000/5000 loss=0.14486
[fit] c0 0090m p2 4000/5000 loss=0.150179
[fit] c0 0090m p2 5000/5000 loss=0.141313
[ready] c0 0090m fit_s=29.8
[fit] c_anneal 0090m p1 1000/5000 loss=0.113375
[fit] c_anneal 0090m p1 2000/5000 loss=0.107936
[fit] c_anneal 0090m p1 3000/5000 loss=0.1081
[fit] c_anneal 0090m p1 4000/5000 loss=0.105788
[fit] c_anneal 0090m p1 5000/5000 loss=0.10932
[fit] c_anneal 0090m p2 1000/5000 loss=0.145456
[fit] c_anneal 0090m p2 2000/5000 loss=0.147655
[fit] c_anneal 0090m p2 3000/5000 loss=0.146732
[fit] c_anneal 0090m p2 4000/5000 loss=0.149212
[fit] c_anneal 0090m p2 5000/5000 loss=0.14808
[ready] c_anneal 0090m fit_s=30.4
[fit] c_batch 0090m p1 1000/5000 loss=0.103601
[fit] c_batch 0090m p1 2000/5000 loss=0.0993483
[fit] c_batch 0090m p1 3000/5000 loss=0.103021
[fit] c_batch 0090m p1 4000/5000 loss=0.105869
[fit] c_batch 0090m p1 5000/5000 loss=0.104545
[fit] c_batch 0090m p2 1000/5000 loss=0.14755
[fit] c_batch 0090m p2 2000/5000 loss=0.150028
[fit] c_batch 0090m p2 3000/5000 loss=0.147495
[fit] c_batch 0090m p2 4000/5000 loss=0.148324
[fit] c_batch 0090m p2 5000/5000 loss=0.148777
[ready] c_batch 0090m fit_s=29.8
[fit] c_low 0090m p1 1000/5000 loss=0.11551
[fit] c_low 0090m p1 2000/5000 loss=0.119335
[fit] c_low 0090m p1 3000/5000 loss=0.115668
[fit] c_low 0090m p1 4000/5000 loss=0.120463
[fit] c_low 0090m p1 5000/5000 loss=0.120976
[fit] c_low 0090m p2 1000/5000 loss=0.165978
[fit] c_low 0090m p2 2000/5000 loss=0.162027
[fit] c_low 0090m p2 3000/5000 loss=0.162159
[fit] c_low 0090m p2 4000/5000 loss=0.157649
[fit] c_low 0090m p2 5000/5000 loss=0.161405
[ready] c_low 0090m fit_s=29.2
[fit] c0 0120m p1 1000/5000 loss=0.105847
[fit] c0 0120m p1 2000/5000 loss=0.107515
[fit] c0 0120m p1 3000/5000 loss=0.108555
[fit] c0 0120m p1 4000/5000 loss=0.107039
[fit] c0 0120m p1 5000/5000 loss=0.103378
[fit] c0 0120m p2 1000/5000 loss=0.140754
[fit] c0 0120m p2 2000/5000 loss=0.138293
[fit] c0 0120m p2 3000/5000 loss=0.141788
[fit] c0 0120m p2 4000/5000 loss=0.137834
[fit] c0 0120m p2 5000/5000 loss=0.13846
[ready] c0 0120m fit_s=32.4
[fit] c_anneal 0120m p1 1000/5000 loss=0.101151
[fit] c_anneal 0120m p1 2000/5000 loss=0.107057
[fit] c_anneal 0120m p1 3000/5000 loss=0.106269
[fit] c_anneal 0120m p1 4000/5000 loss=0.110432
[fit] c_anneal 0120m p1 5000/5000 loss=0.0994793
[fit] c_anneal 0120m p2 1000/5000 loss=0.143489
[fit] c_anneal 0120m p2 2000/5000 loss=0.142265
[fit] c_anneal 0120m p2 3000/5000 loss=0.147062
[fit] c_anneal 0120m p2 4000/5000 loss=0.148445
[fit] c_anneal 0120m p2 5000/5000 loss=0.143767
[ready] c_anneal 0120m fit_s=27.8
[fit] c_batch 0120m p1 1000/5000 loss=0.10085
[fit] c_batch 0120m p1 2000/5000 loss=0.101973
[fit] c_batch 0120m p1 3000/5000 loss=0.097266
[fit] c_batch 0120m p1 4000/5000 loss=0.101878
[fit] c_batch 0120m p1 5000/5000 loss=0.0997369
[fit] c_batch 0120m p2 1000/5000 loss=0.14689
[fit] c_batch 0120m p2 2000/5000 loss=0.14519
[fit] c_batch 0120m p2 3000/5000 loss=0.14509
[fit] c_batch 0120m p2 4000/5000 loss=0.148348
[fit] c_batch 0120m p2 5000/5000 loss=0.146434
[ready] c_batch 0120m fit_s=36.7
[fit] c_low 0120m p1 1000/5000 loss=0.114331
[fit] c_low 0120m p1 2000/5000 loss=0.112684
[fit] c_low 0120m p1 3000/5000 loss=0.111716
[fit] c_low 0120m p1 4000/5000 loss=0.109737
[fit] c_low 0120m p1 5000/5000 loss=0.105714
[fit] c_low 0120m p2 1000/5000 loss=0.15497
[fit] c_low 0120m p2 2000/5000 loss=0.15226
[fit] c_low 0120m p2 3000/5000 loss=0.158716
[fit] c_low 0120m p2 4000/5000 loss=0.158633
[fit] c_low 0120m p2 5000/5000 loss=0.162737
[ready] c_low 0120m fit_s=24.2
