[fit] 0030m/R-visit p1 0/40000 loss=3.9812
[fit] 0030m/R-visit p1 1000/40000 loss=0.29746
[fit] 0030m/R-visit p1 2000/40000 loss=0.13214
[fit] 0030m/R-visit p1 3000/40000 loss=0.067719
[fit] 0030m/R-visit p1 4000/40000 loss=0.051186
[fit] 0030m/R-visit p1 5000/40000 loss=0.03758
[fit] 0030m/R-visit p1 6000/40000 loss=0.030676
[fit] 0030m/R-visit p1 7000/40000 loss=0.026988
[fit] 0030m/R-visit p1 8000/40000 loss=0.023556
[fit] 0030m/R-visit p1 9000/40000 loss=0.018272
[fit] 0030m/R-visit p1 10000/40000 loss=0.016926
[fit] 0030m/R-visit p1 11000/40000 loss=0.014255
[fit] 0030m/R-visit p1 12000/40000 loss=0.0118
[fit] 0030m/R-visit p1 13000/40000 loss=0.012412
[fit] 0030m/R-visit p1 14000/40000 loss=0.010832
[fit] 0030m/R-visit p1 15000/40000 loss=0.012201
[fit] 0030m/R-visit p1 16000/40000 loss=0.013301
[fit] 0030m/R-visit p1 17000/40000 loss=0.01901
[fit] 0030m/R-visit p1 18000/40000 loss=0.0096198
[fit] 0030m/R-visit p1 19000/40000 loss=0.0073047
[fit] 0030m/R-visit p1 20000/40000 loss=0.01001
[fit] 0030m/R-visit p1 21000/40000 loss=0.0093263
[fit] 0030m/R-visit p1 22000/40000 loss=0.0095503
[fit] 0030m/R-visit p1 23000/40000 loss=0.0058169
[fit] 0030m/R-visit p1 24000/40000 loss=0.0062165
[fit] 0030m/R-visit p1 25000/40000 loss=0.0055188
[fit] 0030m/R-visit p1 26000/40000 loss=0.0091556
[fit] 0030m/R-visit p1 27000/40000 loss=0.0061503
[fit] 0030m/R-visit p1 28000/40000 loss=0.0069135
[fit] 0030m/R-visit p1 29000/40000 loss=0.0073087
[fit] 0030m/R-visit p1 30000/40000 loss=0.0095397
[fit] 0030m/R-visit p1 31000/40000 loss=0.0068982
[fit] 0030m/R-visit p1 32000/40000 loss=0.0055907
[fit] 0030m/R-visit p1 33000/40000 loss=0.0050408
[fit] 0030m/R-visit p1 34000/40000 loss=0.0055153
[fit] 0030m/R-visit p1 35000/40000 loss=0.0052784
[fit] 0030m/R-visit p1 36000/40000 loss=0.0046673
[fit] 0030m/R-visit p1 37000/40000 loss=0.0043189
[fit] 0030m/R-visit p1 38000/40000 loss=0.0042886
[fit] 0030m/R-visit p1 39000/40000 loss=0.005727
[fit] 0030m/R-visit p2 0/40000 loss=5.7794
[fit] 0030m/R-visit p2 1000/40000 loss=0.060271
[fit] 0030m/R-visit p2 2000/40000 loss=0.015013
[fit] 0030m/R-visit p2 3000/40000 loss=0.0074555
[fit] 0030m/R-visit p2 4000/40000 loss=0.0066429
[fit] 0030m/R-visit p2 5000/40000 loss=0.0033167
[fit] 0030m/R-visit p2 6000/40000 loss=0.0029718
[fit] 0030m/R-visit p2 7000/40000 loss=0.0032229
[fit] 0030m/R-visit p2 8000/40000 loss=0.0023258
[fit] 0030m/R-visit p2 9000/40000 loss=0.0020789
[fit] 0030m/R-visit p2 10000/40000 loss=0.0018591
[fit] 0030m/R-visit p2 11000/40000 loss=0.0020722
[fit] 0030m/R-visit p2 12000/40000 loss=0.0051414
[fit] 0030m/R-visit p2 13000/40000 loss=0.0016611
[fit] 0030m/R-visit p2 14000/40000 loss=0.0013285
[fit] 0030m/R-visit p2 15000/40000 loss=0.0018416
[fit] 0030m/R-visit p2 16000/40000 loss=0.0016491
[fit] 0030m/R-visit p2 17000/40000 loss=0.0013897
[fit] 0030m/R-visit p2 18000/40000 loss=0.0014687
[fit] 0030m/R-visit p2 19000/40000 loss=0.0011141
[fit] 0030m/R-visit p2 20000/40000 loss=0.0010535
[fit] 0030m/R-visit p2 21000/40000 loss=0.00087983
[fit] 0030m/R-visit p2 22000/40000 loss=0.00092405
[fit] 0030m/R-visit p2 23000/40000 loss=0.0012257
[fit] 0030m/R-visit p2 24000/40000 loss=0.00071992
[fit] 0030m/R-visit p2 25000/40000 loss=0.0010267
[fit] 0030m/R-visit p2 26000/40000 loss=0.00068589
[fit] 0030m/R-visit p2 27000/40000 loss=0.00084666
[fit] 0030m/R-visit p2 28000/40000 loss=0.0013829
[fit] 0030m/R-visit p2 29000/40000 loss=0.00098673
[fit] 0030m/R-visit p2 30000/40000 loss=0.00056475
[fit] 0030m/R-visit p2 31000/40000 loss=0.00064806
[fit] 0030m/R-visit p2 32000/40000 loss=0.00065541
[fit] 0030m/R-visit p2 33000/40000 loss=0.00052992
[fit] 0030m/R-visit p2 34000/40000 loss=0.00066277
[fit] 0030m/R-visit p2 35000/40000 loss=0.00056663
[fit] 0030m/R-visit p2 36000/40000 loss=0.00052316
[fit] 0030m/R-visit p2 37000/40000 loss=0.00053037
[fit] 0030m/R-visit p2 38000/40000 loss=0.00062576
[fit] 0030m/R-visit p2 39000/40000 loss=0.00045212
[done] {"source": "0030m", "arm": "R-visit", "iteration": 908, "source_exploitability": 0.07834834479244579, "network_exploitability": 0.6776074888486914, "ratio": 8.648650978444476, "tv_uniform": 0.1258287876844406, "tv_reach": 0.32423417757135525, "relative_regret_error_reach": 0.012385089845576496, "tv_by_expected_visit_bin": {"p1_lt_0.1_uniform": 0.1252838373184204, "p1_lt_0.1_reach": 0.3270254390713425, "p1_0.1_1_uniform": 0.15922535955905914, "p1_0.1_1_reach": 0.1937525134374325, "p1_1_10_uniform": 0.2078218162059784, "p1_1_10_reach": 0.21146550026091382, "p1_ge_10_uniform": 0.2730056941509247, "p1_ge_10_reach": 0.3090549357520216, "p2_lt_0.1_uniform": 0.12562815845012665, "p2_lt_0.1_reach": 0.3390984346391549, "p2_0.1_1_uniform": 0.2197633534669876, "p2_0.1_1_reach": 0.26974970945933596, "p2_1_10_uniform": 0.24130213260650635, "p2_1_10_reach": 0.20357463276952473, "p2_ge_10_uniform": 0.3310382068157196, "p2_ge_10_reach": 0.2888728841139398}, "steps_per_player": 40000, "batch": 16384, "hidden": [512, 512], "loss_last_by_player": [0.007152249105274677, 0.0009717850480228662], "elapsed_s": 22032.914743437897, "smoke": false}
[fit] 0030m/R-mix p1 0/40000 loss=1.986
[fit] 0030m/R-mix p1 1000/40000 loss=0.21438
[fit] 0030m/R-mix p1 2000/40000 loss=0.13671
[fit] 0030m/R-mix p1 3000/40000 loss=0.10552
[fit] 0030m/R-mix p1 4000/40000 loss=0.077184
[fit] 0030m/R-mix p1 5000/40000 loss=0.072561
[fit] 0030m/R-mix p1 6000/40000 loss=0.067157
[fit] 0030m/R-mix p1 7000/40000 loss=0.057646
[fit] 0030m/R-mix p1 8000/40000 loss=0.058942
[fit] 0030m/R-mix p1 9000/40000 loss=0.05711
[fit] 0030m/R-mix p1 10000/40000 loss=0.05168
[fit] 0030m/R-mix p1 11000/40000 loss=0.046177
[fit] 0030m/R-mix p1 12000/40000 loss=0.048815
[fit] 0030m/R-mix p1 13000/40000 loss=0.046226
[fit] 0030m/R-mix p1 14000/40000 loss=0.048416
[fit] 0030m/R-mix p1 15000/40000 loss=0.046832
[fit] 0030m/R-mix p1 16000/40000 loss=0.044737
[fit] 0030m/R-mix p1 17000/40000 loss=0.046207
[fit] 0030m/R-mix p1 18000/40000 loss=0.045203
[fit] 0030m/R-mix p1 19000/40000 loss=0.047516
[fit] 0030m/R-mix p1 20000/40000 loss=0.03811
[fit] 0030m/R-mix p1 21000/40000 loss=0.042285
[fit] 0030m/R-mix p1 22000/40000 loss=0.043451
[fit] 0030m/R-mix p1 23000/40000 loss=0.037533
[fit] 0030m/R-mix p1 24000/40000 loss=0.043065
[fit] 0030m/R-mix p1 25000/40000 loss=0.045103
[fit] 0030m/R-mix p1 26000/40000 loss=0.038132
[fit] 0030m/R-mix p1 27000/40000 loss=0.039653
[fit] 0030m/R-mix p1 28000/40000 loss=0.041341
[fit] 0030m/R-mix p1 29000/40000 loss=0.037215
[fit] 0030m/R-mix p1 30000/40000 loss=0.039237
[fit] 0030m/R-mix p1 31000/40000 loss=0.038147
[fit] 0030m/R-mix p1 32000/40000 loss=0.043655
[fit] 0030m/R-mix p1 33000/40000 loss=0.042083
[fit] 0030m/R-mix p1 34000/40000 loss=0.03681
[fit] 0030m/R-mix p1 35000/40000 loss=0.04218
[fit] 0030m/R-mix p1 36000/40000 loss=0.044308
[fit] 0030m/R-mix p1 37000/40000 loss=0.044665
[fit] 0030m/R-mix p1 38000/40000 loss=0.038775
[fit] 0030m/R-mix p1 39000/40000 loss=0.0375
[fit] 0030m/R-mix p2 0/40000 loss=2.9523
[fit] 0030m/R-mix p2 1000/40000 loss=0.079331
[fit] 0030m/R-mix p2 2000/40000 loss=0.04172
[fit] 0030m/R-mix p2 3000/40000 loss=0.027771
[fit] 0030m/R-mix p2 4000/40000 loss=0.023459
[fit] 0030m/R-mix p2 5000/40000 loss=0.021894
[fit] 0030m/R-mix p2 6000/40000 loss=0.023726
[fit] 0030m/R-mix p2 7000/40000 loss=0.022383
[fit] 0030m/R-mix p2 8000/40000 loss=0.023687
[fit] 0030m/R-mix p2 9000/40000 loss=0.021463
[fit] 0030m/R-mix p2 10000/40000 loss=0.021333
[fit] 0030m/R-mix p2 11000/40000 loss=0.020614
[fit] 0030m/R-mix p2 12000/40000 loss=0.021213
[fit] 0030m/R-mix p2 13000/40000 loss=0.020164
[fit] 0030m/R-mix p2 14000/40000 loss=0.019629
[fit] 0030m/R-mix p2 15000/40000 loss=0.021448
[fit] 0030m/R-mix p2 16000/40000 loss=0.01972
[fit] 0030m/R-mix p2 17000/40000 loss=0.019984
[fit] 0030m/R-mix p2 18000/40000 loss=0.019057
[fit] 0030m/R-mix p2 19000/40000 loss=0.019041
[fit] 0030m/R-mix p2 20000/40000 loss=0.018342
[fit] 0030m/R-mix p2 21000/40000 loss=0.020725
[fit] 0030m/R-mix p2 22000/40000 loss=0.018491
[fit] 0030m/R-mix p2 23000/40000 loss=0.019097
[fit] 0030m/R-mix p2 24000/40000 loss=0.017957
[fit] 0030m/R-mix p2 25000/40000 loss=0.020444
[fit] 0030m/R-mix p2 26000/40000 loss=0.018466
[fit] 0030m/R-mix p2 27000/40000 loss=0.018534
[fit] 0030m/R-mix p2 28000/40000 loss=0.018525
[fit] 0030m/R-mix p2 29000/40000 loss=0.01816
[fit] 0030m/R-mix p2 30000/40000 loss=0.018352
[fit] 0030m/R-mix p2 31000/40000 loss=0.018033
[fit] 0030m/R-mix p2 32000/40000 loss=0.019432
[fit] 0030m/R-mix p2 33000/40000 loss=0.018025
[fit] 0030m/R-mix p2 34000/40000 loss=0.020499
[fit] 0030m/R-mix p2 35000/40000 loss=0.018645
[fit] 0030m/R-mix p2 36000/40000 loss=0.017371
[fit] 0030m/R-mix p2 37000/40000 loss=0.019174
[fit] 0030m/R-mix p2 38000/40000 loss=0.018304
[fit] 0030m/R-mix p2 39000/40000 loss=0.017788
[done] {"source": "0030m", "arm": "R-mix", "iteration": 908, "source_exploitability": 0.07834834479244579, "network_exploitability": 0.597439498391831, "ratio": 7.625425910075321, "tv_uniform": 0.09948310256004333, "tv_reach": 0.31465238082660413, "relative_regret_error_reach": 0.017472334532888982, "tv_by_expected_visit_bin": {"p1_lt_0.1_uniform": 0.0985451489686966, "p1_lt_0.1_reach": 0.31690862517861634, "p1_0.1_1_uniform": 0.16858287155628204, "p1_0.1_1_reach": 0.18701378272804267, "p1_1_10_uniform": 0.2082698792219162, "p1_1_10_reach": 0.21071632486681316, "p1_ge_10_uniform": 0.2729929983615875, "p1_ge_10_reach": 0.30923615100757307, "p2_lt_0.1_uniform": 0.09922590851783752, "p2_lt_0.1_reach": 0.32766491329873204, "p2_0.1_1_uniform": 0.2246364951133728, "p2_0.1_1_reach": 0.2710006815232028, "p2_1_10_uniform": 0.2417340725660324, "p2_1_10_reach": 0.20363418380302925, "p2_ge_10_uniform": 0.331242173910141, "p2_ge_10_reach": 0.2890251699892181}, "steps_per_player": 40000, "batch": 16384, "hidden": [512, 512], "loss_last_by_player": [0.038509368896484375, 0.01964912936091423], "elapsed_s": 17546.753167479765, "smoke": false}
[fit] 0030m/P-visit p1 0/40000 loss=1.5441
[fit] 0030m/P-visit p1 1000/40000 loss=0.18731
[fit] 0030m/P-visit p1 2000/40000 loss=0.17556
[fit] 0030m/P-visit p1 3000/40000 loss=0.17297
[fit] 0030m/P-visit p1 4000/40000 loss=0.17281
[fit] 0030m/P-visit p1 5000/40000 loss=0.1741
[fit] 0030m/P-visit p1 6000/40000 loss=0.17031
[fit] 0030m/P-visit p1 7000/40000 loss=0.17841
[fit] 0030m/P-visit p1 8000/40000 loss=0.1704
[fit] 0030m/P-visit p1 9000/40000 loss=0.1744
[fit] 0030m/P-visit p1 10000/40000 loss=0.17102
[fit] 0030m/P-visit p1 11000/40000 loss=0.17166
[fit] 0030m/P-visit p1 12000/40000 loss=0.17365
[fit] 0030m/P-visit p1 13000/40000 loss=0.17114
[fit] 0030m/P-visit p1 14000/40000 loss=0.16806
Traceback (most recent call last):
  File "/root/liars_poker_20261001/scripts/run_cfr_plus_18_regret_table_distillation.py", line 132, in <module>
    if __name__=='__main__': main()
                             ^^^^^^
  File "/root/liars_poker_20261001/scripts/run_cfr_plus_18_regret_table_distillation.py", line 100, in main
    opt.zero_grad(set_to_none=True); loss.backward(); opt.step()
                                     ^^^^^^^^^^^^^^^
  File "/root/liars_poker_20261001/.venv/lib/python3.12/site-packages/torch/_tensor.py", line 631, in backward
    torch.autograd.backward(
  File "/root/liars_poker_20261001/.venv/lib/python3.12/site-packages/torch/autograd/__init__.py", line 379, in backward
    _engine_run_backward(
  File "/root/liars_poker_20261001/.venv/lib/python3.12/site-packages/torch/autograd/graph.py", line 882, in _engine_run_backward
    return Variable._execution_engine.run_backward(  # Calls into the C++ engine to run the backward pass
           ^^^^^^^^^^^^^^^^^^^^^^^^^^^^^^^^^^^^^^^^^^^^^^^^^^^^^^^^^^^^^^^^^^^^^^^^^^^^^^^^^^^^^^^^^^^^^^
KeyboardInterrupt
