[fit] 0045m/R-visit p1 0/40000 loss=5.5523
[fit] 0045m/R-visit p1 1000/40000 loss=0.30233
[fit] 0045m/R-visit p1 2000/40000 loss=0.12528
[fit] 0045m/R-visit p1 3000/40000 loss=0.090613
[fit] 0045m/R-visit p1 4000/40000 loss=0.090011
[fit] 0045m/R-visit p1 5000/40000 loss=0.056966
[fit] 0045m/R-visit p1 6000/40000 loss=0.045828
[fit] 0045m/R-visit p1 7000/40000 loss=0.040876
[fit] 0045m/R-visit p1 8000/40000 loss=0.046452
[fit] 0045m/R-visit p1 9000/40000 loss=0.021877
[fit] 0045m/R-visit p1 10000/40000 loss=0.029553
[fit] 0045m/R-visit p1 11000/40000 loss=0.014856
[fit] 0045m/R-visit p1 12000/40000 loss=0.019741
[fit] 0045m/R-visit p1 13000/40000 loss=0.019998
[fit] 0045m/R-visit p1 14000/40000 loss=0.016088
[fit] 0045m/R-visit p1 15000/40000 loss=0.01324
[fit] 0045m/R-visit p1 16000/40000 loss=0.017807
[fit] 0045m/R-visit p1 17000/40000 loss=0.012082
[fit] 0045m/R-visit p1 18000/40000 loss=0.011792
[fit] 0045m/R-visit p1 19000/40000 loss=0.0097521
[fit] 0045m/R-visit p1 20000/40000 loss=0.0085469
[fit] 0045m/R-visit p1 21000/40000 loss=0.011075
[fit] 0045m/R-visit p1 22000/40000 loss=0.010669
[fit] 0045m/R-visit p1 23000/40000 loss=0.0076074
[fit] 0045m/R-visit p1 24000/40000 loss=0.0079273
[fit] 0045m/R-visit p1 25000/40000 loss=0.0060739
[fit] 0045m/R-visit p1 26000/40000 loss=0.013033
[fit] 0045m/R-visit p1 27000/40000 loss=0.013716
[fit] 0045m/R-visit p1 28000/40000 loss=0.0085496
[fit] 0045m/R-visit p1 29000/40000 loss=0.0095569
[fit] 0045m/R-visit p1 30000/40000 loss=0.0113
[fit] 0045m/R-visit p1 31000/40000 loss=0.0065783
[fit] 0045m/R-visit p1 32000/40000 loss=0.0078853
[fit] 0045m/R-visit p1 33000/40000 loss=0.0096318
[fit] 0045m/R-visit p1 34000/40000 loss=0.0070108
[fit] 0045m/R-visit p1 35000/40000 loss=0.010541
[fit] 0045m/R-visit p1 36000/40000 loss=0.0092472
[fit] 0045m/R-visit p1 37000/40000 loss=0.0077534
[fit] 0045m/R-visit p1 38000/40000 loss=0.0056633
[fit] 0045m/R-visit p1 39000/40000 loss=0.0069967
[fit] 0045m/R-visit p2 0/40000 loss=5.8669
[fit] 0045m/R-visit p2 1000/40000 loss=0.10061
[fit] 0045m/R-visit p2 2000/40000 loss=0.018423
[fit] 0045m/R-visit p2 3000/40000 loss=0.013952
[fit] 0045m/R-visit p2 4000/40000 loss=0.005827
[fit] 0045m/R-visit p2 5000/40000 loss=0.0049973
[fit] 0045m/R-visit p2 6000/40000 loss=0.0032257
[fit] 0045m/R-visit p2 7000/40000 loss=0.001958
[fit] 0045m/R-visit p2 8000/40000 loss=0.0022185
[fit] 0045m/R-visit p2 9000/40000 loss=0.0020972
[fit] 0045m/R-visit p2 10000/40000 loss=0.0013569
[fit] 0045m/R-visit p2 11000/40000 loss=0.0012423
[fit] 0045m/R-visit p2 12000/40000 loss=0.00093688
[fit] 0045m/R-visit p2 13000/40000 loss=0.0016347
[fit] 0045m/R-visit p2 14000/40000 loss=0.0010641
[fit] 0045m/R-visit p2 15000/40000 loss=0.00098779
[fit] 0045m/R-visit p2 16000/40000 loss=0.0017045
[fit] 0045m/R-visit p2 17000/40000 loss=0.00070721
[fit] 0045m/R-visit p2 18000/40000 loss=0.00060389
[fit] 0045m/R-visit p2 19000/40000 loss=0.00057232
[fit] 0045m/R-visit p2 20000/40000 loss=0.00090555
[fit] 0045m/R-visit p2 21000/40000 loss=0.00062771
[fit] 0045m/R-visit p2 22000/40000 loss=0.00073874
[fit] 0045m/R-visit p2 23000/40000 loss=0.00069296
[fit] 0045m/R-visit p2 24000/40000 loss=0.001802
[fit] 0045m/R-visit p2 25000/40000 loss=0.00044773
[fit] 0045m/R-visit p2 26000/40000 loss=0.00052453
[fit] 0045m/R-visit p2 27000/40000 loss=0.00054355
[fit] 0045m/R-visit p2 28000/40000 loss=0.00051823
[fit] 0045m/R-visit p2 29000/40000 loss=0.00041186
[fit] 0045m/R-visit p2 30000/40000 loss=0.00055548
[fit] 0045m/R-visit p2 31000/40000 loss=0.0009612
[fit] 0045m/R-visit p2 32000/40000 loss=0.00025595
[fit] 0045m/R-visit p2 33000/40000 loss=0.00054538
[fit] 0045m/R-visit p2 34000/40000 loss=0.00034019
[fit] 0045m/R-visit p2 35000/40000 loss=0.00044405
[fit] 0045m/R-visit p2 36000/40000 loss=0.00029861
[fit] 0045m/R-visit p2 37000/40000 loss=0.00052061
[fit] 0045m/R-visit p2 38000/40000 loss=0.00044502
[fit] 0045m/R-visit p2 39000/40000 loss=0.00023726
[done] {"source": "0045m", "arm": "R-visit", "iteration": 1424, "source_exploitability": 0.050583371137062016, "network_exploitability": 0.6654306532206049, "ratio": 13.155126640680724, "tv_uniform": 0.13130615651607513, "tv_reach": 0.31441859081587026, "relative_regret_error_reach": 0.01263886603994555, "tv_by_expected_visit_bin": {"p1_lt_0.1_uniform": 0.13084274530410767, "p1_lt_0.1_reach": 0.3170589408347784, "p1_0.1_1_uniform": 0.15902414917945862, "p1_0.1_1_reach": 0.22237026516410882, "p1_1_10_uniform": 0.20541709661483765, "p1_1_10_reach": 0.21071961059904762, "p1_ge_10_uniform": 0.2606257498264313, "p1_ge_10_reach": 0.2835218161103092, "p2_lt_0.1_uniform": 0.13114172220230103, "p2_lt_0.1_reach": 0.32577526045547656, "p2_0.1_1_uniform": 0.2115423083305359, "p2_0.1_1_reach": 0.240359018115306, "p2_1_10_uniform": 0.23875975608825684, "p2_1_10_reach": 0.2513728204651547, "p2_ge_10_uniform": 0.3238236904144287, "p2_ge_10_reach": 0.27061047959529977}, "steps_per_player": 40000, "batch": 16384, "hidden": [512, 512], "loss_last_by_player": [0.009499240666627884, 0.00043647497659549117], "elapsed_s": 21972.513313095085, "smoke": false}
[fit] 0045m/R-mix p1 0/40000 loss=2.8397
[fit] 0045m/R-mix p1 1000/40000 loss=0.33381
[fit] 0045m/R-mix p1 2000/40000 loss=0.17431
[fit] 0045m/R-mix p1 3000/40000 loss=0.13323
[fit] 0045m/R-mix p1 4000/40000 loss=0.11543
[fit] 0045m/R-mix p1 5000/40000 loss=0.10138
[fit] 0045m/R-mix p1 6000/40000 loss=0.079021
[fit] 0045m/R-mix p1 7000/40000 loss=0.069828
[fit] 0045m/R-mix p1 8000/40000 loss=0.078271
[fit] 0045m/R-mix p1 9000/40000 loss=0.093679
[fit] 0045m/R-mix p1 10000/40000 loss=0.056241
[fit] 0045m/R-mix p1 11000/40000 loss=0.060205
[fit] 0045m/R-mix p1 12000/40000 loss=0.062971
[fit] 0045m/R-mix p1 13000/40000 loss=0.058427
[fit] 0045m/R-mix p1 14000/40000 loss=0.053917
[fit] 0045m/R-mix p1 15000/40000 loss=0.063398
[fit] 0045m/R-mix p1 16000/40000 loss=0.051279
[fit] 0045m/R-mix p1 17000/40000 loss=0.056121
[fit] 0045m/R-mix p1 18000/40000 loss=0.054505
[fit] 0045m/R-mix p1 19000/40000 loss=0.054914
[fit] 0045m/R-mix p1 20000/40000 loss=0.043948
[fit] 0045m/R-mix p1 21000/40000 loss=0.050207
[fit] 0045m/R-mix p1 22000/40000 loss=0.047508
[fit] 0045m/R-mix p1 23000/40000 loss=0.045618
[fit] 0045m/R-mix p1 24000/40000 loss=0.04814
[fit] 0045m/R-mix p1 25000/40000 loss=0.049478
[fit] 0045m/R-mix p1 26000/40000 loss=0.045322
[fit] 0045m/R-mix p1 27000/40000 loss=0.046699
[fit] 0045m/R-mix p1 28000/40000 loss=0.049736
[fit] 0045m/R-mix p1 29000/40000 loss=0.052086
[fit] 0045m/R-mix p1 30000/40000 loss=0.047528
[fit] 0045m/R-mix p1 31000/40000 loss=0.046756
[fit] 0045m/R-mix p1 32000/40000 loss=0.05114
[fit] 0045m/R-mix p1 33000/40000 loss=0.045616
[fit] 0045m/R-mix p1 34000/40000 loss=0.044719
[fit] 0045m/R-mix p1 35000/40000 loss=0.046866
[fit] 0045m/R-mix p1 36000/40000 loss=0.054765
[fit] 0045m/R-mix p1 37000/40000 loss=0.045094
[fit] 0045m/R-mix p1 38000/40000 loss=0.044798
[fit] 0045m/R-mix p1 39000/40000 loss=0.04422
[fit] 0045m/R-mix p2 0/40000 loss=3.0359
[fit] 0045m/R-mix p2 1000/40000 loss=0.081082
[fit] 0045m/R-mix p2 2000/40000 loss=0.040332
[fit] 0045m/R-mix p2 3000/40000 loss=0.032669
[fit] 0045m/R-mix p2 4000/40000 loss=0.024547
[fit] 0045m/R-mix p2 5000/40000 loss=0.021785
[fit] 0045m/R-mix p2 6000/40000 loss=0.025486
[fit] 0045m/R-mix p2 7000/40000 loss=0.021853
[fit] 0045m/R-mix p2 8000/40000 loss=0.024781
[fit] 0045m/R-mix p2 9000/40000 loss=0.020654
[fit] 0045m/R-mix p2 10000/40000 loss=0.021565
[fit] 0045m/R-mix p2 11000/40000 loss=0.020198
[fit] 0045m/R-mix p2 12000/40000 loss=0.019885
[fit] 0045m/R-mix p2 13000/40000 loss=0.019399
[fit] 0045m/R-mix p2 14000/40000 loss=0.01948
[fit] 0045m/R-mix p2 15000/40000 loss=0.020905
[fit] 0045m/R-mix p2 16000/40000 loss=0.020378
[fit] 0045m/R-mix p2 17000/40000 loss=0.019332
[fit] 0045m/R-mix p2 18000/40000 loss=0.019357
[fit] 0045m/R-mix p2 19000/40000 loss=0.018724
[fit] 0045m/R-mix p2 20000/40000 loss=0.018437
[fit] 0045m/R-mix p2 21000/40000 loss=0.020495
[fit] 0045m/R-mix p2 22000/40000 loss=0.018282
[fit] 0045m/R-mix p2 23000/40000 loss=0.018693
[fit] 0045m/R-mix p2 24000/40000 loss=0.017232
[fit] 0045m/R-mix p2 25000/40000 loss=0.020688
[fit] 0045m/R-mix p2 26000/40000 loss=0.018333
[fit] 0045m/R-mix p2 27000/40000 loss=0.018679
[fit] 0045m/R-mix p2 28000/40000 loss=0.018428
[fit] 0045m/R-mix p2 29000/40000 loss=0.018382
[fit] 0045m/R-mix p2 30000/40000 loss=0.018048
[fit] 0045m/R-mix p2 31000/40000 loss=0.017768
[fit] 0045m/R-mix p2 32000/40000 loss=0.019186
[fit] 0045m/R-mix p2 33000/40000 loss=0.01725
[fit] 0045m/R-mix p2 34000/40000 loss=0.019072
[fit] 0045m/R-mix p2 35000/40000 loss=0.018594
[fit] 0045m/R-mix p2 36000/40000 loss=0.017326
[fit] 0045m/R-mix p2 37000/40000 loss=0.01912
[fit] 0045m/R-mix p2 38000/40000 loss=0.017827
[fit] 0045m/R-mix p2 39000/40000 loss=0.017655
[done] {"source": "0045m", "arm": "R-mix", "iteration": 1424, "source_exploitability": 0.050583371137062016, "network_exploitability": 0.5920420910706201, "ratio": 11.70428300372483, "tv_uniform": 0.10146908462047577, "tv_reach": 0.31595174844012536, "relative_regret_error_reach": 0.017956081044529792, "tv_by_expected_visit_bin": {"p1_lt_0.1_uniform": 0.10055112093687057, "p1_lt_0.1_reach": 0.3186378089861992, "p1_0.1_1_uniform": 0.17160354554653168, "p1_0.1_1_reach": 0.22958461961445445, "p1_1_10_uniform": 0.20619334280490875, "p1_1_10_reach": 0.21140178165942877, "p1_ge_10_uniform": 0.26062700152397156, "p1_ge_10_reach": 0.2833436818573094, "p2_lt_0.1_uniform": 0.10124911367893219, "p2_lt_0.1_reach": 0.32757833121678137, "p2_0.1_1_uniform": 0.21425436437129974, "p2_0.1_1_reach": 0.24060706588565936, "p2_1_10_uniform": 0.23884890973567963, "p2_1_10_reach": 0.2514221445870679, "p2_ge_10_uniform": 0.3238028883934021, "p2_ge_10_reach": 0.2705967824786007}, "steps_per_player": 40000, "batch": 16384, "hidden": [512, 512], "loss_last_by_player": [0.04788074269890785, 0.019237056374549866], "elapsed_s": 19087.323010749184, "smoke": false}
[fit] 0045m/P-visit p1 0/40000 loss=1.5557
[fit] 0045m/P-visit p1 1000/40000 loss=0.18706
[fit] 0045m/P-visit p1 2000/40000 loss=0.17197
[fit] 0045m/P-visit p1 3000/40000 loss=0.17198
[fit] 0045m/P-visit p1 4000/40000 loss=0.16957
[fit] 0045m/P-visit p1 5000/40000 loss=0.16907
[fit] 0045m/P-visit p1 6000/40000 loss=0.1678
[fit] 0045m/P-visit p1 7000/40000 loss=0.17316
Traceback (most recent call last):
  File "/root/liars_poker_20261001/scripts/run_cfr_plus_18_regret_table_distillation.py", line 132, in <module>
    if __name__=='__main__': main()
                             ^^^^^^
  File "/root/liars_poker_20261001/scripts/run_cfr_plus_18_regret_table_distillation.py", line 100, in main
    opt.zero_grad(set_to_none=True); loss.backward(); opt.step()
                                     ^^^^^^^^^^^^^^^
  File "/root/liars_poker_20261001/.venv/lib/python3.12/site-packages/torch/_tensor.py", line 631, in backward
    torch.autograd.backward(
  File "/root/liars_poker_20261001/.venv/lib/python3.12/site-packages/torch/autograd/__init__.py", line 379, in backward
    _engine_run_backward(
  File "/root/liars_poker_20261001/.venv/lib/python3.12/site-packages/torch/autograd/graph.py", line 882, in _engine_run_backward
    return Variable._execution_engine.run_backward(  # Calls into the C++ engine to run the backward pass
           ^^^^^^^^^^^^^^^^^^^^^^^^^^^^^^^^^^^^^^^^^^^^^^^^^^^^^^^^^^^^^^^^^^^^^^^^^^^^^^^^^^^^^^^^^^^^^^
KeyboardInterrupt
