[fit] 0120m/R-visit p1 0/40000 loss=15.112
[fit] 0120m/R-visit p1 1000/40000 loss=1.1784
[fit] 0120m/R-visit p1 2000/40000 loss=0.48697
[fit] 0120m/R-visit p1 3000/40000 loss=0.31645
[fit] 0120m/R-visit p1 4000/40000 loss=0.2173
[fit] 0120m/R-visit p1 5000/40000 loss=0.16051
[fit] 0120m/R-visit p1 6000/40000 loss=0.10933
[fit] 0120m/R-visit p1 7000/40000 loss=0.090767
[fit] 0120m/R-visit p1 8000/40000 loss=0.069053
[fit] 0120m/R-visit p1 9000/40000 loss=0.079564
[fit] 0120m/R-visit p1 10000/40000 loss=0.056832
[fit] 0120m/R-visit p1 11000/40000 loss=0.049593
[fit] 0120m/R-visit p1 12000/40000 loss=0.0289
[fit] 0120m/R-visit p1 13000/40000 loss=0.028662
[fit] 0120m/R-visit p1 14000/40000 loss=0.030127
[fit] 0120m/R-visit p1 15000/40000 loss=0.042024
[fit] 0120m/R-visit p1 16000/40000 loss=0.061259
[fit] 0120m/R-visit p1 17000/40000 loss=0.028816
[fit] 0120m/R-visit p1 18000/40000 loss=0.022067
[fit] 0120m/R-visit p1 19000/40000 loss=0.023915
[fit] 0120m/R-visit p1 20000/40000 loss=0.025618
[fit] 0120m/R-visit p1 21000/40000 loss=0.021849
[fit] 0120m/R-visit p1 22000/40000 loss=0.024405
[fit] 0120m/R-visit p1 23000/40000 loss=0.014693
[fit] 0120m/R-visit p1 24000/40000 loss=0.020202
[fit] 0120m/R-visit p1 25000/40000 loss=0.015822
[fit] 0120m/R-visit p1 26000/40000 loss=0.019332
[fit] 0120m/R-visit p1 27000/40000 loss=0.018912
[fit] 0120m/R-visit p1 28000/40000 loss=0.023721
[fit] 0120m/R-visit p1 29000/40000 loss=0.017045
[fit] 0120m/R-visit p1 30000/40000 loss=0.011839
[fit] 0120m/R-visit p1 31000/40000 loss=0.023728
[fit] 0120m/R-visit p1 32000/40000 loss=0.011291
[fit] 0120m/R-visit p1 33000/40000 loss=0.0097547
[fit] 0120m/R-visit p1 34000/40000 loss=0.024693
[fit] 0120m/R-visit p1 35000/40000 loss=0.015744
[fit] 0120m/R-visit p1 36000/40000 loss=0.010798
[fit] 0120m/R-visit p1 37000/40000 loss=0.020382
[fit] 0120m/R-visit p1 38000/40000 loss=0.032986
[fit] 0120m/R-visit p1 39000/40000 loss=0.020356
[fit] 0120m/R-visit p2 0/40000 loss=17.422
[fit] 0120m/R-visit p2 1000/40000 loss=0.27235
[fit] 0120m/R-visit p2 2000/40000 loss=0.075838
[fit] 0120m/R-visit p2 3000/40000 loss=0.021435
[fit] 0120m/R-visit p2 4000/40000 loss=0.014735
[fit] 0120m/R-visit p2 5000/40000 loss=0.0089692
[fit] 0120m/R-visit p2 6000/40000 loss=0.0055615
[fit] 0120m/R-visit p2 7000/40000 loss=0.0063209
[fit] 0120m/R-visit p2 8000/40000 loss=0.016962
[fit] 0120m/R-visit p2 9000/40000 loss=0.0045423
[fit] 0120m/R-visit p2 10000/40000 loss=0.0048552
[fit] 0120m/R-visit p2 11000/40000 loss=0.0031845
[fit] 0120m/R-visit p2 12000/40000 loss=0.0024787
[fit] 0120m/R-visit p2 13000/40000 loss=0.0019691
[fit] 0120m/R-visit p2 14000/40000 loss=0.0024996
[fit] 0120m/R-visit p2 15000/40000 loss=0.004969
[fit] 0120m/R-visit p2 16000/40000 loss=0.0022951
[fit] 0120m/R-visit p2 17000/40000 loss=0.0017158
[fit] 0120m/R-visit p2 18000/40000 loss=0.0022643
[fit] 0120m/R-visit p2 19000/40000 loss=0.0014795
[fit] 0120m/R-visit p2 20000/40000 loss=0.0014189
[fit] 0120m/R-visit p2 21000/40000 loss=0.0016778
[fit] 0120m/R-visit p2 22000/40000 loss=0.0010861
[fit] 0120m/R-visit p2 23000/40000 loss=0.00088275
[fit] 0120m/R-visit p2 24000/40000 loss=0.0023909
[fit] 0120m/R-visit p2 25000/40000 loss=0.00081418
[fit] 0120m/R-visit p2 26000/40000 loss=0.0010868
[fit] 0120m/R-visit p2 27000/40000 loss=0.00063795
[fit] 0120m/R-visit p2 28000/40000 loss=0.0007845
[fit] 0120m/R-visit p2 29000/40000 loss=0.0006333
[fit] 0120m/R-visit p2 30000/40000 loss=0.00091991
[fit] 0120m/R-visit p2 31000/40000 loss=0.00052096
[fit] 0120m/R-visit p2 32000/40000 loss=0.00080525
[fit] 0120m/R-visit p2 33000/40000 loss=0.00064266
[fit] 0120m/R-visit p2 34000/40000 loss=0.00049255
[fit] 0120m/R-visit p2 35000/40000 loss=0.0010741
[fit] 0120m/R-visit p2 36000/40000 loss=0.00035012
[fit] 0120m/R-visit p2 37000/40000 loss=0.00052667
[fit] 0120m/R-visit p2 38000/40000 loss=0.00068651
[fit] 0120m/R-visit p2 39000/40000 loss=0.0016164
[done] {"source": "0120m", "arm": "R-visit", "iteration": 3988, "source_exploitability": 0.06406135608933883, "network_exploitability": 0.7775488760278866, "ratio": 12.137565039109237, "tv_uniform": 0.13916198909282684, "tv_reach": 0.3378273350523636, "relative_regret_error_reach": 0.012185564717329601, "tv_by_expected_visit_bin": {"p1_lt_0.1_uniform": 0.13881489634513855, "p1_lt_0.1_reach": 0.34275824575261815, "p1_0.1_1_uniform": 0.1577601283788681, "p1_0.1_1_reach": 0.1696712767319773, "p1_1_10_uniform": 0.2007334679365158, "p1_1_10_reach": 0.17956939789378543, "p1_ge_10_uniform": 0.26591354608535767, "p1_ge_10_reach": 0.26686540728989067, "p2_lt_0.1_uniform": 0.1390271931886673, "p2_lt_0.1_reach": 0.35154511747718475, "p2_0.1_1_uniform": 0.2108430713415146, "p2_0.1_1_reach": 0.243193063515217, "p2_1_10_uniform": 0.24036340415477753, "p2_1_10_reach": 0.24585604604468717, "p2_ge_10_uniform": 0.3263620138168335, "p2_ge_10_reach": 0.29103484061069596}, "steps_per_player": 40000, "batch": 16384, "hidden": [512, 512], "loss_last_by_player": [0.019496792927384377, 0.00046515738358721137], "elapsed_s": 22102.537488137837, "smoke": false}
[fit] 0120m/R-mix p1 0/40000 loss=7.4524
[fit] 0120m/R-mix p1 1000/40000 loss=0.9101
[fit] 0120m/R-mix p1 2000/40000 loss=0.52045
[fit] 0120m/R-mix p1 3000/40000 loss=0.40993
[fit] 0120m/R-mix p1 4000/40000 loss=0.26118
[fit] 0120m/R-mix p1 5000/40000 loss=0.1745
[fit] 0120m/R-mix p1 6000/40000 loss=0.21573
[fit] 0120m/R-mix p1 7000/40000 loss=0.15218
[fit] 0120m/R-mix p1 8000/40000 loss=0.15413
[fit] 0120m/R-mix p1 9000/40000 loss=0.12776
[fit] 0120m/R-mix p1 10000/40000 loss=0.12992
[fit] 0120m/R-mix p1 11000/40000 loss=0.083169
[fit] 0120m/R-mix p1 12000/40000 loss=0.10121
[fit] 0120m/R-mix p1 13000/40000 loss=0.14305
[fit] 0120m/R-mix p1 14000/40000 loss=0.083128
[fit] 0120m/R-mix p1 15000/40000 loss=0.1208
[fit] 0120m/R-mix p1 16000/40000 loss=0.081548
[fit] 0120m/R-mix p1 17000/40000 loss=0.070646
[fit] 0120m/R-mix p1 18000/40000 loss=0.10325
[fit] 0120m/R-mix p1 19000/40000 loss=0.08437
[fit] 0120m/R-mix p1 20000/40000 loss=0.053568
[fit] 0120m/R-mix p1 21000/40000 loss=0.084008
[fit] 0120m/R-mix p1 22000/40000 loss=0.060242
[fit] 0120m/R-mix p1 23000/40000 loss=0.05719
[fit] 0120m/R-mix p1 24000/40000 loss=0.087339
[fit] 0120m/R-mix p1 25000/40000 loss=0.079617
[fit] 0120m/R-mix p1 26000/40000 loss=0.061494
[fit] 0120m/R-mix p1 27000/40000 loss=0.061272
[fit] 0120m/R-mix p1 28000/40000 loss=0.057425
[fit] 0120m/R-mix p1 29000/40000 loss=0.059888
[fit] 0120m/R-mix p1 30000/40000 loss=0.058517
[fit] 0120m/R-mix p1 31000/40000 loss=0.059422
[fit] 0120m/R-mix p1 32000/40000 loss=0.073426
[fit] 0120m/R-mix p1 33000/40000 loss=0.059493
[fit] 0120m/R-mix p1 34000/40000 loss=0.056791
[fit] 0120m/R-mix p1 35000/40000 loss=0.070342
[fit] 0120m/R-mix p1 36000/40000 loss=0.086696
[fit] 0120m/R-mix p1 37000/40000 loss=0.064957
[fit] 0120m/R-mix p1 38000/40000 loss=0.056315
[fit] 0120m/R-mix p1 39000/40000 loss=0.064544
[fit] 0120m/R-mix p2 0/40000 loss=9.4094
[fit] 0120m/R-mix p2 1000/40000 loss=0.26693
[fit] 0120m/R-mix p2 2000/40000 loss=0.076895
[fit] 0120m/R-mix p2 3000/40000 loss=0.041548
[fit] 0120m/R-mix p2 4000/40000 loss=0.036269
[fit] 0120m/R-mix p2 5000/40000 loss=0.028837
[fit] 0120m/R-mix p2 6000/40000 loss=0.031426
[fit] 0120m/R-mix p2 7000/40000 loss=0.026249
[fit] 0120m/R-mix p2 8000/40000 loss=0.026343
[fit] 0120m/R-mix p2 9000/40000 loss=0.024093
[fit] 0120m/R-mix p2 10000/40000 loss=0.024383
[fit] 0120m/R-mix p2 11000/40000 loss=0.022375
[fit] 0120m/R-mix p2 12000/40000 loss=0.021101
[fit] 0120m/R-mix p2 13000/40000 loss=0.022998
[fit] 0120m/R-mix p2 14000/40000 loss=0.021883
[fit] 0120m/R-mix p2 15000/40000 loss=0.022315
[fit] 0120m/R-mix p2 16000/40000 loss=0.022091
[fit] 0120m/R-mix p2 17000/40000 loss=0.021062
[fit] 0120m/R-mix p2 18000/40000 loss=0.021145
[fit] 0120m/R-mix p2 19000/40000 loss=0.019812
[fit] 0120m/R-mix p2 20000/40000 loss=0.020334
[fit] 0120m/R-mix p2 21000/40000 loss=0.021906
[fit] 0120m/R-mix p2 22000/40000 loss=0.019443
[fit] 0120m/R-mix p2 23000/40000 loss=0.020033
[fit] 0120m/R-mix p2 24000/40000 loss=0.018685
[fit] 0120m/R-mix p2 25000/40000 loss=0.024511
[fit] 0120m/R-mix p2 26000/40000 loss=0.019627
[fit] 0120m/R-mix p2 27000/40000 loss=0.01943
[fit] 0120m/R-mix p2 28000/40000 loss=0.019723
[fit] 0120m/R-mix p2 29000/40000 loss=0.018959
[fit] 0120m/R-mix p2 30000/40000 loss=0.019077
[fit] 0120m/R-mix p2 31000/40000 loss=0.01925
[fit] 0120m/R-mix p2 32000/40000 loss=0.020164
[fit] 0120m/R-mix p2 33000/40000 loss=0.018541
[fit] 0120m/R-mix p2 34000/40000 loss=0.022501
[fit] 0120m/R-mix p2 35000/40000 loss=0.019883
[fit] 0120m/R-mix p2 36000/40000 loss=0.018581
[fit] 0120m/R-mix p2 37000/40000 loss=0.021063
[fit] 0120m/R-mix p2 38000/40000 loss=0.019794
[fit] 0120m/R-mix p2 39000/40000 loss=0.020194
[done] {"source": "0120m", "arm": "R-mix", "iteration": 3988, "source_exploitability": 0.06406135608933883, "network_exploitability": 0.6205061055997734, "ratio": 9.686121922464872, "tv_uniform": 0.10611440986394882, "tv_reach": 0.31742566876724077, "relative_regret_error_reach": 0.015593286086042728, "tv_by_expected_visit_bin": {"p1_lt_0.1_uniform": 0.10524145513772964, "p1_lt_0.1_reach": 0.3212243031245825, "p1_0.1_1_uniform": 0.17654019594192505, "p1_0.1_1_reach": 0.15995241123363138, "p1_1_10_uniform": 0.20205552875995636, "p1_1_10_reach": 0.1910277888154823, "p1_ge_10_uniform": 0.26552993059158325, "p1_ge_10_reach": 0.26719456997746416, "p2_lt_0.1_uniform": 0.10592500120401382, "p2_lt_0.1_reach": 0.32744937910645017, "p2_0.1_1_uniform": 0.21442092955112457, "p2_0.1_1_reach": 0.24458312839452043, "p2_1_10_uniform": 0.24058732390403748, "p2_1_10_reach": 0.24596152723729148, "p2_ge_10_uniform": 0.32614538073539734, "p2_ge_10_reach": 0.29112734624173964}, "steps_per_player": 40000, "batch": 16384, "hidden": [512, 512], "loss_last_by_player": [0.06429465115070343, 0.020202379673719406], "elapsed_s": 17447.37316131685, "smoke": false}
[fit] 0120m/P-visit p1 0/40000 loss=1.5766
[fit] 0120m/P-visit p1 1000/40000 loss=0.17551
[fit] 0120m/P-visit p1 2000/40000 loss=0.16712
[fit] 0120m/P-visit p1 3000/40000 loss=0.1667
[fit] 0120m/P-visit p1 4000/40000 loss=0.16676
[fit] 0120m/P-visit p1 5000/40000 loss=0.16601
[fit] 0120m/P-visit p1 6000/40000 loss=0.16324
[fit] 0120m/P-visit p1 7000/40000 loss=0.16775
[fit] 0120m/P-visit p1 8000/40000 loss=0.16669
[fit] 0120m/P-visit p1 9000/40000 loss=0.16276
[fit] 0120m/P-visit p1 10000/40000 loss=0.16111
[fit] 0120m/P-visit p1 11000/40000 loss=0.16535
[fit] 0120m/P-visit p1 12000/40000 loss=0.16344
[fit] 0120m/P-visit p1 13000/40000 loss=0.16516
[fit] 0120m/P-visit p1 14000/40000 loss=0.16223
[fit] 0120m/P-visit p1 15000/40000 loss=0.15904
[fit] 0120m/P-visit p1 16000/40000 loss=0.16303
Traceback (most recent call last):
  File "/root/liars_poker_20261001/scripts/run_cfr_plus_18_regret_table_distillation.py", line 132, in <module>
    if __name__=='__main__': main()
                             ^^^^^^
  File "/root/liars_poker_20261001/scripts/run_cfr_plus_18_regret_table_distillation.py", line 100, in main
    opt.zero_grad(set_to_none=True); loss.backward(); opt.step()
                                     ^^^^^^^^^^^^^^^
  File "/root/liars_poker_20261001/.venv/lib/python3.12/site-packages/torch/_tensor.py", line 631, in backward
    torch.autograd.backward(
  File "/root/liars_poker_20261001/.venv/lib/python3.12/site-packages/torch/autograd/__init__.py", line 379, in backward
    _engine_run_backward(
  File "/root/liars_poker_20261001/.venv/lib/python3.12/site-packages/torch/autograd/graph.py", line 882, in _engine_run_backward
    return Variable._execution_engine.run_backward(  # Calls into the C++ engine to run the backward pass
           ^^^^^^^^^^^^^^^^^^^^^^^^^^^^^^^^^^^^^^^^^^^^^^^^^^^^^^^^^^^^^^^^^^^^^^^^^^^^^^^^^^^^^^^^^^^^^^
KeyboardInterrupt
