[train] c_batch 0m iter=1 iter_s=3.842 fit=0.485/0.052s
[train] c_batch 5m iter=330 iter_s=2.234 fit=0.252/0.022s
[train] c_batch 10m iter=545 iter_s=0.735 fit=0.129/0.020s
[train] c_batch 15m iter=743 iter_s=2.142 fit=0.259/0.020s
[train] c_batch 20m iter=1032 iter_s=0.723 fit=0.154/0.026s
[train] c_batch 25m iter=1377 iter_s=0.957 fit=0.216/0.023s
[train] c_batch 30m iter=1742 iter_s=1.434 fit=0.247/0.024s
[snapshot] c_batch 0030m iter=1742
[train] c_batch 35m iter=2053 iter_s=1.584 fit=0.229/0.025s
[train] c_batch 40m iter=2422 iter_s=0.701 fit=0.135/0.018s
[train] c_batch 45m iter=2664 iter_s=0.667 fit=0.130/0.019s
[train] c_batch 50m iter=2879 iter_s=2.107 fit=0.256/0.025s
[train] c_batch 55m iter=3119 iter_s=0.889 fit=0.164/0.023s
[train] c_batch 60m iter=3466 iter_s=0.896 fit=0.175/0.019s
[audit queued] c_batch 2000 at iter=3466
[snapshot] c_batch 0060m iter=3466
[train] c_batch 65m iter=3729 iter_s=0.715 fit=0.138/0.025s
[train] c_batch 70m iter=4127 iter_s=0.720 fit=0.157/0.024s
[train] c_batch 75m iter=4507 iter_s=2.041 fit=0.262/0.022s
[train] c_batch 80m iter=4811 iter_s=2.166 fit=0.275/0.029s
[train] c_batch 85m iter=5026 iter_s=2.056 fit=0.254/0.026s
[train] c_batch 90m iter=5216 iter_s=0.692 fit=0.126/0.020s
[snapshot] c_batch 0090m iter=5216
[train] c_batch 95m iter=5472 iter_s=0.861 fit=0.157/0.023s
[train] c_batch 100m iter=5811 iter_s=0.902 fit=0.200/0.023s
[train] c_batch 105m iter=6080 iter_s=2.073 fit=0.261/0.021s
[train] c_batch 110m iter=6252 iter_s=2.168 fit=0.273/0.024s
[train] c_batch 115m iter=6479 iter_s=2.042 fit=0.261/0.023s
[train] c_batch 120m iter=6677 iter_s=1.990 fit=0.253/0.022s
[audit queued] c_batch 6000 at iter=6677
[snapshot] c_batch 0120m iter=6677
[train] c_batch 125m iter=6812 iter_s=2.159 fit=0.269/0.031s
[train] c_batch 130m iter=7043 iter_s=0.687 fit=0.145/0.022s
[train] c_batch 135m iter=7469 iter_s=0.701 fit=0.140/0.018s
[train] c_batch 140m iter=7895 iter_s=0.694 fit=0.155/0.022s
[train] c_batch 145m iter=8328 iter_s=0.675 fit=0.139/0.020s
[train] c_batch 150m iter=8758 iter_s=0.645 fit=0.137/0.016s
Traceback (most recent call last):
  File "/root/liars_poker_20261001/scripts/run_cfr_plus_18_neural_o4_cpu.py", line 500, in <module>
    main()
  File "/root/liars_poker_20261001/scripts/run_cfr_plus_18_neural_o4_cpu.py", line 492, in main
    run_train(args)
  File "/root/liars_poker_20261001/scripts/run_cfr_plus_18_neural_o4_cpu.py", line 316, in run_train
    checkpoint(trainer, ckpt, progress)
  File "/root/liars_poker_20261001/scripts/run_cfr_plus_18_neural_o4_cpu.py", line 72, in checkpoint
    raise OSError(f"Insufficient disk space to checkpoint {path}")
OSError: Insufficient disk space to checkpoint /root/liars_poker/artifacts/cfr_plus_18_regret_noise/main_20261001/c_batch/latest_checkpoint.pt
